2021-03-11 22:34:55,664:INFO:flipkrat.py:Url hitted
2021-03-11 22:34:55,871:INFO:flipkrat.py:login popup handled
2021-03-11 22:34:56,219:INFO:flipkrat.py:Search begins
2021-03-11 22:34:59,039:INFO:flipkrat.py:Data saved in scrapper file
2021-03-11 22:35:58,120:INFO:flipkrat.py:Url hitted
2021-03-11 22:35:58,315:INFO:flipkrat.py:login popup handled
2021-03-11 22:35:58,591:INFO:flipkrat.py:Search begins
2021-03-11 22:36:01,400:INFO:flipkrat.py:Data saved in scrapper file
2021-03-11 22:36:23,309:INFO:flipkrat.py:Url hitted
2021-03-11 22:36:23,496:INFO:flipkrat.py:login popup handled
2021-03-11 22:36:23,770:INFO:flipkrat.py:Search begins
2021-03-11 22:36:33,418:INFO:flipkrat.py:Url hitted
2021-03-11 22:36:33,647:INFO:flipkrat.py:login popup handled
2021-03-11 22:36:34,002:INFO:flipkrat.py:Search begins
2021-03-11 22:36:36,914:INFO:flipkrat.py:Data saved in scrapper file
2021-03-11 22:37:59,845:INFO:flipkrat.py:Thread run completed
2021-03-12 18:10:07,996:INFO:flipkrat.py:Url hitted
2021-03-12 18:10:08,216:INFO:flipkrat.py:login popup handled
2021-03-12 18:10:08,649:INFO:flipkrat.py:Search begins for Nike
2021-03-12 18:10:15,835:INFO:flipkrat.py:Data saved in scrapper file
2021-03-12 18:21:17,976:INFO:flipkrat.py:Url hitted
2021-03-12 18:21:18,307:INFO:flipkrat.py:login popup handled
2021-03-12 18:21:18,661:INFO:flipkrat.py:Search begins for shorts
2021-03-12 18:21:45,120:INFO:flipkrat.py:Thread run completed
2021-03-12 18:51:46,598:INFO:flipkrat.py:Url hitted
2021-03-12 18:51:46,854:INFO:flipkrat.py:login popup handled
2021-03-12 18:51:47,148:INFO:flipkrat.py:Search begins for Nike
2021-03-12 18:51:52,934:INFO:flipkrat.py:Data saved in scrapper file
2021-03-12 18:59:13,412:INFO:flipkrat.py:Url hitted
2021-03-12 18:59:13,585:INFO:flipkrat.py:login popup handled
2021-03-12 18:59:13,871:INFO:flipkrat.py:Search begins for Nike
2021-03-12 18:59:20,027:INFO:flipkrat.py:Data saved in scrapper file
2021-03-12 19:05:39,138:INFO:flipkrat.py:Url hitted
2021-03-12 19:05:39,293:INFO:flipkrat.py:login popup handled
2021-03-12 19:05:39,627:INFO:flipkrat.py:Search begins for Saree
2021-03-12 19:05:45,435:INFO:flipkrat.py:Data saved in scrapper file
2021-03-12 19:48:30,551:INFO:flipkrat.py:Url hitted
2021-03-12 19:48:32,022:INFO:flipkrat.py:login popup handled
2021-03-12 19:48:33,971:INFO:flipkrat.py:Search begins for Nike
2021-03-12 19:48:39,271:INFO:flipkrat.py:Data saved in scrapper file
2021-03-12 19:52:16,469:INFO:flipkrat.py:Url hitted
2021-03-12 19:52:16,797:INFO:flipkrat.py:login popup handled
2021-03-12 19:52:17,244:INFO:flipkrat.py:Search begins for Nike
2021-03-12 19:52:19,627:INFO:flipkrat.py:Data saved in scrapper file
2021-03-12 22:38:31,082:INFO:flipkrat.py:Url hitted
2021-03-12 22:38:31,387:INFO:flipkrat.py:login popup handled
2021-03-12 22:38:31,835:INFO:flipkrat.py:Search begins for Nike
2021-03-12 22:38:38,080:INFO:flipkrat.py:Data saved in scrapper file
2021-08-16 13:46:22,591:INFO:flipkrat.py:Url hitted
2021-08-16 13:46:22,662:INFO:flipkrat.py:login popup handled
2021-08-16 13:46:22,843:INFO:flipkrat.py:Search begins for iphone-7
2021-08-16 14:05:32,867:INFO:flipkrat.py:Url hitted
2021-08-16 14:05:32,989:INFO:flipkrat.py:login popup handled
2021-08-16 14:05:33,182:INFO:flipkrat.py:Search begins for iphone-7
2021-08-16 14:06:44,813:INFO:flipkrat.py:Data saved in scrapper file
2021-08-16 14:23:01,970:INFO:flipkrat.py:Url hitted
2021-08-16 14:23:02,082:INFO:flipkrat.py:login popup handled
2021-08-16 14:23:02,337:INFO:flipkrat.py:Search begins for samsung-M31
2021-08-16 14:24:41,339:INFO:flipkrat.py:Url hitted
2021-08-16 14:24:41,435:INFO:flipkrat.py:login popup handled
2021-08-16 14:24:41,599:INFO:flipkrat.py:Search begins for samsung
2021-08-16 14:26:35,541:INFO:flipkrat.py:Url hitted
2021-08-16 14:26:35,660:INFO:flipkrat.py:login popup handled
2021-08-16 14:26:35,827:INFO:flipkrat.py:Search begins for iphone-7
2021-08-16 14:27:46,934:INFO:flipkrat.py:Data saved in scrapper file
2021-08-16 19:07:41,645:INFO:flipkrat.py:Url hitted
2021-08-16 19:07:41,833:INFO:flipkrat.py:login popup handled
2021-08-16 19:07:42,099:INFO:flipkrat.py:Search begins for handbags
2021-08-16 19:28:50,303:INFO:flipkrat.py:Url hitted
2021-08-16 19:28:50,472:INFO:flipkrat.py:login popup handled
2021-08-16 19:28:50,628:INFO:flipkrat.py:Search begins for iphone-7
2021-08-16 19:30:02,372:INFO:flipkrat.py:Data saved in scrapper file
2021-08-17 12:44:13,191:INFO:flipkrat.py:Url hitted
2021-08-17 12:44:13,345:INFO:flipkrat.py:login popup handled
2021-08-17 12:44:13,579:INFO:flipkrat.py:Search begins for samsung
2021-08-17 12:49:54,352:INFO:flipkrat.py:Thread run completed
2021-08-17 13:51:28,519:INFO:flipkrat.py:Url hitted
2021-08-17 13:51:28,720:INFO:flipkrat.py:login popup handled
2021-08-17 13:51:29,002:INFO:flipkrat.py:Search begins for handbags
2021-08-17 13:52:35,077:INFO:flipkrat.py:data saved in scrapper file
2021-08-17 13:56:48,367:INFO:flipkrat.py:Thread run completed
2021-08-17 14:36:26,878:INFO:flipkrat.py:Url hitted
2021-08-17 14:36:26,994:INFO:flipkrat.py:login popup handled
2021-08-17 14:36:27,149:INFO:flipkrat.py:Search begins for handbags
2021-08-17 14:37:36,775:INFO:flipkrat.py:Data saved in scrapper file
2021-08-18 14:55:27,013:INFO:flipkrat.py:Url hitted
2021-08-18 14:55:27,166:INFO:flipkrat.py:login popup handled
2021-08-18 14:55:27,348:INFO:flipkrat.py:Search begins for xiome
2021-08-18 14:57:53,223:INFO:flipkrat.py:Thread run completed
2021-08-19 22:03:19,521:INFO:flipkrat.py:Url hitted
2021-08-19 22:03:19,704:INFO:flipkrat.py:login popup handled
2021-08-19 22:03:20,000:INFO:flipkrat.py:Search begins for iphone-7
2021-08-19 22:04:30,274:INFO:flipkrat.py:Data saved in scrapper file
2021-09-24 14:28:58,407:INFO:flipkrat.py:Url hitted
2021-09-24 14:28:58,489:INFO:flipkrat.py:login popup handled
2021-09-24 14:28:58,652:INFO:flipkrat.py:Search begins for iphone-7
2021-09-24 14:30:46,588:INFO:flipkrat.py:Data saved in scrapper file
2021-09-26 18:30:39,929:INFO:flipkrat.py:Url hitted
2021-09-26 18:30:40,045:INFO:flipkrat.py:login popup handled
2021-09-26 18:30:40,230:INFO:flipkrat.py:Search begins for iphone-7
2021-09-26 18:32:00,949:INFO:flipkrat.py:Data saved in scrapper file
